==========================================
SLURM_CLUSTER_NAME = paramutkarsh
SLURM_ARRAY_JOB_ID = 
SLURM_ARRAY_TASK_ID = 
SLURM_ARRAY_TASK_COUNT = 
SLURM_ARRAY_TASK_MAX = 
SLURM_ARRAY_TASK_MIN = 
SLURM_JOB_ACCOUNT = cdac
SLURM_JOB_ID = 320938
SLURM_JOB_NAME = job_20250716_133214
SLURM_JOB_NODELIST = cn019
SLURM_JOB_USER = sarthaks
SLURM_JOB_UID = 22301
SLURM_JOB_PARTITION = standard
SLURM_TASK_PID = 37412
SLURM_SUBMIT_DIR = /home/sarthaks/InternWork/github-runner/_work/ReasoningLLM/ReasoningLLM
SLURM_CPUS_ON_NODE = 1
SLURM_NTASKS = 1
SLURM_TASK_PID = 37412
==========================================
Testing loop 0
Testing loop 1
Testing loop 2
Testing loop 3
Testing loop 4
Testing loop 5
Testing loop 6
Testing loop 7
Testing loop 8
Testing loop 9
